Archive member included to satisfy reference by file (symbol)

/opt/devkitpro/devkitARM/bin/../lib/gcc/arm-none-eabi/10.2.0/thumb/libgcc.a(_udivsi3.o)
                              main.o (__aeabi_uidivmod)
/opt/devkitpro/devkitARM/bin/../lib/gcc/arm-none-eabi/10.2.0/thumb/libgcc.a(_dvmd_tls.o)
                              /opt/devkitpro/devkitARM/bin/../lib/gcc/arm-none-eabi/10.2.0/thumb/libgcc.a(_udivsi3.o) (__aeabi_idiv0)
/opt/devkitpro/devkitARM/bin/../lib/gcc/arm-none-eabi/10.2.0/../../../../arm-none-eabi/lib/thumb/libg.a(lib_a-init.o)
                              /opt/devkitpro/devkitARM/bin/../lib/gcc/arm-none-eabi/10.2.0/../../../../arm-none-eabi/lib/thumb/gba_crt0.o (__libc_init_array)
/opt/devkitpro/devkitARM/bin/../lib/gcc/arm-none-eabi/10.2.0/../../../../arm-none-eabi/lib/thumb/libg.a(lib_a-memcpy-stub.o)
                              main.o (memcpy)
/opt/devkitpro/devkitARM/bin/../lib/gcc/arm-none-eabi/10.2.0/../../../../arm-none-eabi/lib/thumb/libsysbase.a(malloc_vars.o)
                              /opt/devkitpro/devkitARM/bin/../lib/gcc/arm-none-eabi/10.2.0/../../../../arm-none-eabi/lib/thumb/gba_crt0.o (fake_heap_end)

Discarded input sections

 .text          0x0000000000000000        0x0 /opt/devkitpro/devkitARM/bin/../lib/gcc/arm-none-eabi/10.2.0/../../../../arm-none-eabi/lib/thumb/gba_crt0.o
 .data          0x0000000000000000        0x0 /opt/devkitpro/devkitARM/bin/../lib/gcc/arm-none-eabi/10.2.0/../../../../arm-none-eabi/lib/thumb/gba_crt0.o
 .bss           0x0000000000000000        0x0 /opt/devkitpro/devkitARM/bin/../lib/gcc/arm-none-eabi/10.2.0/../../../../arm-none-eabi/lib/thumb/gba_crt0.o
 .text          0x0000000000000000        0x0 /opt/devkitpro/devkitARM/bin/../lib/gcc/arm-none-eabi/10.2.0/thumb/crti.o
 .data          0x0000000000000000        0x0 /opt/devkitpro/devkitARM/bin/../lib/gcc/arm-none-eabi/10.2.0/thumb/crti.o
 .bss           0x0000000000000000        0x0 /opt/devkitpro/devkitARM/bin/../lib/gcc/arm-none-eabi/10.2.0/thumb/crti.o
 .text          0x0000000000000000        0x0 /opt/devkitpro/devkitARM/bin/../lib/gcc/arm-none-eabi/10.2.0/thumb/crtbegin.o
 .data          0x0000000000000000        0x0 /opt/devkitpro/devkitARM/bin/../lib/gcc/arm-none-eabi/10.2.0/thumb/crtbegin.o
 .bss           0x0000000000000000        0x0 /opt/devkitpro/devkitARM/bin/../lib/gcc/arm-none-eabi/10.2.0/thumb/crtbegin.o
 .data.__dso_handle
                0x0000000000000000        0x4 /opt/devkitpro/devkitARM/bin/../lib/gcc/arm-none-eabi/10.2.0/thumb/crtbegin.o
 .text          0x0000000000000000      0x1ac bmp16_func.o
 .data          0x0000000000000000        0x0 bmp16_func.o
 .bss           0x0000000000000000        0x0 bmp16_func.o
 .debug_info    0x0000000000000000      0x46c bmp16_func.o
 .debug_abbrev  0x0000000000000000      0x106 bmp16_func.o
 .debug_loc     0x0000000000000000      0x8ad bmp16_func.o
 .debug_aranges
                0x0000000000000000       0x20 bmp16_func.o
 .debug_line    0x0000000000000000      0x376 bmp16_func.o
 .debug_str     0x0000000000000000      0x13e bmp16_func.o
 .comment       0x0000000000000000       0x24 bmp16_func.o
 .debug_frame   0x0000000000000000       0x8c bmp16_func.o
 .text          0x0000000000000000        0x0 GBA_main.o
 .data          0x0000000000000000        0x4 GBA_main.o
 .text          0x0000000000000000       0x88 m4_func.o
 .data          0x0000000000000000        0x4 m4_func.o
 .bss           0x0000000000000000        0x0 m4_func.o
 .debug_info    0x0000000000000000      0x117 m4_func.o
 .debug_abbrev  0x0000000000000000       0xdd m4_func.o
 .debug_loc     0x0000000000000000      0x12c m4_func.o
 .debug_aranges
                0x0000000000000000       0x20 m4_func.o
 .debug_line    0x0000000000000000      0x12e m4_func.o
 .debug_str     0x0000000000000000       0xf5 m4_func.o
 .comment       0x0000000000000000       0x24 m4_func.o
 .debug_frame   0x0000000000000000       0x50 m4_func.o
 .data          0x0000000000000000        0x0 main.o
 .bss           0x0000000000000000        0x0 main.o
 .data          0x0000000000000000        0x0 obj_func.o
 .bss           0x0000000000000000        0x0 obj_func.o
 .text          0x0000000000000000        0x0 sprite_test_4bpp.o
 .data          0x0000000000000000        0x0 sprite_test_4bpp.o
 .bss           0x0000000000000000        0x0 sprite_test_4bpp.o
 .data          0x0000000000000000        0x0 /opt/devkitpro/devkitARM/bin/../lib/gcc/arm-none-eabi/10.2.0/thumb/libgcc.a(_udivsi3.o)
 .bss           0x0000000000000000        0x0 /opt/devkitpro/devkitARM/bin/../lib/gcc/arm-none-eabi/10.2.0/thumb/libgcc.a(_udivsi3.o)
 .data          0x0000000000000000        0x0 /opt/devkitpro/devkitARM/bin/../lib/gcc/arm-none-eabi/10.2.0/thumb/libgcc.a(_dvmd_tls.o)
 .bss           0x0000000000000000        0x0 /opt/devkitpro/devkitARM/bin/../lib/gcc/arm-none-eabi/10.2.0/thumb/libgcc.a(_dvmd_tls.o)
 .text          0x0000000000000000        0x0 /opt/devkitpro/devkitARM/bin/../lib/gcc/arm-none-eabi/10.2.0/../../../../arm-none-eabi/lib/thumb/libg.a(lib_a-init.o)
 .data          0x0000000000000000        0x0 /opt/devkitpro/devkitARM/bin/../lib/gcc/arm-none-eabi/10.2.0/../../../../arm-none-eabi/lib/thumb/libg.a(lib_a-init.o)
 .bss           0x0000000000000000        0x0 /opt/devkitpro/devkitARM/bin/../lib/gcc/arm-none-eabi/10.2.0/../../../../arm-none-eabi/lib/thumb/libg.a(lib_a-init.o)
 .text          0x0000000000000000        0x0 /opt/devkitpro/devkitARM/bin/../lib/gcc/arm-none-eabi/10.2.0/../../../../arm-none-eabi/lib/thumb/libg.a(lib_a-memcpy-stub.o)
 .data          0x0000000000000000        0x0 /opt/devkitpro/devkitARM/bin/../lib/gcc/arm-none-eabi/10.2.0/../../../../arm-none-eabi/lib/thumb/libg.a(lib_a-memcpy-stub.o)
 .bss           0x0000000000000000        0x0 /opt/devkitpro/devkitARM/bin/../lib/gcc/arm-none-eabi/10.2.0/../../../../arm-none-eabi/lib/thumb/libg.a(lib_a-memcpy-stub.o)
 .text          0x0000000000000000        0x0 /opt/devkitpro/devkitARM/bin/../lib/gcc/arm-none-eabi/10.2.0/../../../../arm-none-eabi/lib/thumb/libsysbase.a(malloc_vars.o)
 .data          0x0000000000000000        0x0 /opt/devkitpro/devkitARM/bin/../lib/gcc/arm-none-eabi/10.2.0/../../../../arm-none-eabi/lib/thumb/libsysbase.a(malloc_vars.o)
 .bss           0x0000000000000000        0x0 /opt/devkitpro/devkitARM/bin/../lib/gcc/arm-none-eabi/10.2.0/../../../../arm-none-eabi/lib/thumb/libsysbase.a(malloc_vars.o)
 .bss.fake_heap_start
                0x0000000000000000        0x4 /opt/devkitpro/devkitARM/bin/../lib/gcc/arm-none-eabi/10.2.0/../../../../arm-none-eabi/lib/thumb/libsysbase.a(malloc_vars.o)
 .text          0x0000000000000000        0x0 /opt/devkitpro/devkitARM/bin/../lib/gcc/arm-none-eabi/10.2.0/thumb/crtend.o
 .data          0x0000000000000000        0x0 /opt/devkitpro/devkitARM/bin/../lib/gcc/arm-none-eabi/10.2.0/thumb/crtend.o
 .bss           0x0000000000000000        0x0 /opt/devkitpro/devkitARM/bin/../lib/gcc/arm-none-eabi/10.2.0/thumb/crtend.o
 .text          0x0000000000000000        0x0 /opt/devkitpro/devkitARM/bin/../lib/gcc/arm-none-eabi/10.2.0/thumb/crtn.o
 .data          0x0000000000000000        0x0 /opt/devkitpro/devkitARM/bin/../lib/gcc/arm-none-eabi/10.2.0/thumb/crtn.o
 .bss           0x0000000000000000        0x0 /opt/devkitpro/devkitARM/bin/../lib/gcc/arm-none-eabi/10.2.0/thumb/crtn.o

Memory Configuration

Name             Origin             Length             Attributes
rom              0x0000000008000000 0x0000000002000000
iwram            0x0000000003000000 0x0000000000008000
ewram            0x0000000002000000 0x0000000000040000
*default*        0x0000000000000000 0xffffffffffffffff

Linker script and memory map

                0x0000000008000000                __text_start = ORIGIN (rom)
                0x0000000002040000                __eheap_end = (ORIGIN (ewram) + LENGTH (ewram))
                0x0000000003000000                __iwram_start = ORIGIN (iwram)
                0x0000000003008000                __iwram_top = (ORIGIN (iwram) + LENGTH (iwram))
                0x0000000003007fa0                __sp_irq = (__iwram_top - 0x60)
                0x0000000003007f00                __sp_usr = (__sp_irq - 0xa0)
                0x0000000003007ff8                __irq_flags = 0x3007ff8
                0x0000000008000000                . = __text_start

.crt0           0x0000000008000000      0x210
 *(.crt0)
 .crt0          0x0000000008000000      0x210 /opt/devkitpro/devkitARM/bin/../lib/gcc/arm-none-eabi/10.2.0/../../../../arm-none-eabi/lib/thumb/gba_crt0.o
                0x0000000008000000                _start
                0x00000000080000c4                __boot_method
                0x00000000080000c5                __slave_number
                0x00000000080000e0                start_vector
                0x0000000008000210                . = ALIGN (0x4)

.init           0x0000000008000210        0xc
 *(SORT_NONE(.init))
 .init          0x0000000008000210        0x4 /opt/devkitpro/devkitARM/bin/../lib/gcc/arm-none-eabi/10.2.0/thumb/crti.o
                0x0000000008000210                _init
 .init          0x0000000008000214        0x8 /opt/devkitpro/devkitARM/bin/../lib/gcc/arm-none-eabi/10.2.0/thumb/crtn.o

.plt            0x000000000800021c        0x0
 *(.plt)
                0x000000000800021c                . = ALIGN (0x4)

.text           0x0000000008000220      0x4a8
 *(EXCLUDE_FILE(*.iwram*) .text*)
 .text.__do_global_dtors_aux
                0x0000000008000220       0x2c /opt/devkitpro/devkitARM/bin/../lib/gcc/arm-none-eabi/10.2.0/thumb/crtbegin.o
 .text.frame_dummy
                0x000000000800024c       0x24 /opt/devkitpro/devkitARM/bin/../lib/gcc/arm-none-eabi/10.2.0/thumb/crtbegin.o
 .text          0x0000000008000270      0x18c main.o
                0x0000000008000270                obj_test
 .text.startup  0x00000000080003fc       0x40 main.o
                0x00000000080003fc                main
 .text          0x000000000800043c       0x5c obj_func.o
                0x000000000800043c                oam_init
                0x0000000008000474                oam_copy
 .text          0x0000000008000498      0x11c /opt/devkitpro/devkitARM/bin/../lib/gcc/arm-none-eabi/10.2.0/thumb/libgcc.a(_udivsi3.o)
                0x0000000008000498                __udivsi3
                0x0000000008000498                __aeabi_uidiv
                0x0000000008000594                __aeabi_uidivmod
 .text          0x00000000080005b4        0x4 /opt/devkitpro/devkitARM/bin/../lib/gcc/arm-none-eabi/10.2.0/thumb/libgcc.a(_dvmd_tls.o)
                0x00000000080005b4                __aeabi_ldiv0
                0x00000000080005b4                __aeabi_idiv0
 .text.__libc_init_array
                0x00000000080005b8       0x50 /opt/devkitpro/devkitARM/bin/../lib/gcc/arm-none-eabi/10.2.0/../../../../arm-none-eabi/lib/thumb/libg.a(lib_a-init.o)
                0x00000000080005b8                __libc_init_array
 .text.memcpy   0x0000000008000608       0xa8 /opt/devkitpro/devkitARM/bin/../lib/gcc/arm-none-eabi/10.2.0/../../../../arm-none-eabi/lib/thumb/libg.a(lib_a-memcpy-stub.o)
                0x0000000008000608                memcpy
 .text.memcpy.__stub
                0x00000000080006b0       0x14 linker stubs
 *(.gnu.linkonce.t.*)
 *(.text.*personality*)
 *(.gnu.warning)
 *(.glue_7t)
 .glue_7t       0x00000000080006c8        0x0 linker stubs
 *(.glue_7)
 .glue_7        0x00000000080006c8        0x0 linker stubs
 *(.vfp11_veneer)
 .vfp11_veneer  0x00000000080006c8        0x0 linker stubs
                0x00000000080006c8                . = ALIGN (0x4)
                0x00000000080006c8                __text_end = .

.v4_bx          0x00000000080006c8        0x0
 .v4_bx         0x00000000080006c8        0x0 linker stubs

.iplt           0x00000000080006c8        0x0
 .iplt          0x00000000080006c8        0x0 /opt/devkitpro/devkitARM/bin/../lib/gcc/arm-none-eabi/10.2.0/../../../../arm-none-eabi/lib/thumb/gba_crt0.o

.fini           0x00000000080006c8        0xc
 *(.fini)
 .fini          0x00000000080006c8        0x4 /opt/devkitpro/devkitARM/bin/../lib/gcc/arm-none-eabi/10.2.0/thumb/crti.o
                0x00000000080006c8                _fini
 .fini          0x00000000080006cc        0x8 /opt/devkitpro/devkitARM/bin/../lib/gcc/arm-none-eabi/10.2.0/thumb/crtn.o
                0x00000000080006d4                . = ALIGN (0x4)

.rodata         0x00000000080006d4      0x208
 *(.rodata)
 .rodata        0x00000000080006d4      0x208 sprite_test_4bpp.o
                0x00000000080006d4                sprite_test_4bpp_data
                0x00000000080008d4                sprite_test_4bpp_palette
 *all.rodata*(*)
 *(.roda)
 *(.rodata.*)
 *(.gnu.linkonce.r*)
                0x00000000080008dc                . = ALIGN (0x4)

.ARM.extab
 *(.ARM.extab* .gnu.linkonce.armextab.*)
                0x00000000080008dc                __exidx_start = .

.ARM.exidx
 *(.ARM.exidx* .gnu.linkonce.armexidx.*)
                0x00000000080008dc                __exidx_end = .

.ctors          0x00000000080008dc        0x0
 *crtbegin.o(.ctors)
 *(EXCLUDE_FILE(*crtend.o) .ctors)
 *(SORT_BY_NAME(.ctors.*))
 *(.ctors)
                0x00000000080008dc                . = ALIGN (0x4)

.dtors          0x00000000080008dc        0x0
 *crtbegin.o(.dtors)
 *(EXCLUDE_FILE(*crtend.o) .dtors)
 *(SORT_BY_NAME(.dtors.*))
 *(.dtors)
                0x00000000080008dc                . = ALIGN (0x4)

.eh_frame       0x00000000080008dc        0x4
 *(.eh_frame)
 .eh_frame      0x00000000080008dc        0x0 /opt/devkitpro/devkitARM/bin/../lib/gcc/arm-none-eabi/10.2.0/thumb/crtbegin.o
 .eh_frame      0x00000000080008dc        0x4 /opt/devkitpro/devkitARM/bin/../lib/gcc/arm-none-eabi/10.2.0/thumb/crtend.o
                0x00000000080008e0                . = ALIGN (0x4)

.rel.dyn        0x00000000080008e0        0x0
 .rel.iplt      0x00000000080008e0        0x0 /opt/devkitpro/devkitARM/bin/../lib/gcc/arm-none-eabi/10.2.0/../../../../arm-none-eabi/lib/thumb/gba_crt0.o

.gcc_except_table
                0x00000000080008e0        0x0
 *(.gcc_except_table)
                0x00000000080008e0                . = ALIGN (0x4)
                0x00000000080008e0                __iwram_lma = .

.iwram          0x0000000003000000        0x0 load address 0x00000000080008e0
                0x0000000003000000                __iwram_start__ = ABSOLUTE (.)
 *(.iwram .iwram*)
 *iwram.*(.text* .data*)
                0x0000000003000000                . = ALIGN (0x4)
                0x0000000003000000                __iwram_end__ = ABSOLUTE (.)
                0x00000000080008e0                __data_lma = (__iwram_lma + SIZEOF (.iwram))

.bss            0x0000000003000000       0x2c
                0x0000000003000000                __bss_start = ABSOLUTE (.)
                0x0000000003000000                __bss_start__ = ABSOLUTE (.)
 *(.dynbss)
 *(.gnu.linkonce.b*)
 *(.bss*)
 .bss.completed.1
                0x0000000003000000        0x1 /opt/devkitpro/devkitARM/bin/../lib/gcc/arm-none-eabi/10.2.0/thumb/crtbegin.o
 *fill*         0x0000000003000001        0x3 
 .bss.object.0  0x0000000003000004       0x18 /opt/devkitpro/devkitARM/bin/../lib/gcc/arm-none-eabi/10.2.0/thumb/crtbegin.o
 .bss           0x000000000300001c        0xc GBA_main.o
                0x000000000300001c                obj_buffer
                0x0000000003000024                __key_prev
                0x0000000003000026                __key_curr
 .bss.fake_heap_end
                0x0000000003000028        0x4 /opt/devkitpro/devkitARM/bin/../lib/gcc/arm-none-eabi/10.2.0/../../../../arm-none-eabi/lib/thumb/libsysbase.a(malloc_vars.o)
                0x0000000003000028                fake_heap_end
 *(COMMON)
                0x000000000300002c                . = ALIGN (0x4)
                0x000000000300002c                __bss_end__ = ABSOLUTE (.)

.data           0x000000000300002c        0x0 load address 0x00000000080008e0
                0x000000000300002c                __data_start__ = ABSOLUTE (.)
 *(.data*)
 *(.gnu.linkonce.d*)
                0x000000000300002c                . = ALIGN (0x4)
                0x00000000080008e0                __preinit_lma = (__data_lma + SIZEOF (.data))

.igot.plt       0x0000000003000000        0x0
 .igot.plt      0x0000000003000000        0x0 /opt/devkitpro/devkitARM/bin/../lib/gcc/arm-none-eabi/10.2.0/../../../../arm-none-eabi/lib/thumb/gba_crt0.o

.preinit_array  0x000000000300002c        0x0 load address 0x00000000080008e0
                0x000000000300002c                __preinit_array_start = ABSOLUTE (.)
 *(.preinit_array)
                0x000000000300002c                __preinit_array_end = ABSOLUTE (.)
                0x00000000080008e0                __init_lma = (__preinit_lma + SIZEOF (.preinit_array))

.init_array     0x000000000300002c        0x4 load address 0x00000000080008e0
                0x000000000300002c                __init_array_start = ABSOLUTE (.)
 *(SORT_BY_NAME(.init_array.*))
 *(.init_array)
 .init_array    0x000000000300002c        0x4 /opt/devkitpro/devkitARM/bin/../lib/gcc/arm-none-eabi/10.2.0/thumb/crtbegin.o
                0x0000000003000030                __init_array_end = ABSOLUTE (.)
                0x00000000080008e4                __fini_lma = (__init_lma + SIZEOF (.init_array))

.fini_array     0x0000000003000030        0x4 load address 0x00000000080008e4
                0x0000000003000030                __fini_array_start = ABSOLUTE (.)
 *(SORT_BY_NAME(.fini_array.*))
 *(.fini_array)
 .fini_array    0x0000000003000030        0x4 /opt/devkitpro/devkitARM/bin/../lib/gcc/arm-none-eabi/10.2.0/thumb/crtbegin.o
                0x0000000003000034                __fini_array_end = ABSOLUTE (.)
                0x00000000080008e8                __jcr_lma = (__fini_lma + SIZEOF (.fini_array))

.jcr            0x0000000003000034        0x0 load address 0x00000000080008e8
 *(.jcr)
                0x0000000003000034                __data_end__ = ABSOLUTE (.)
                0x00000000080008e8                __iwram_overlay_lma = (__jcr_lma + SIZEOF (.jcr))
                0x0000000003000034                __iwram_overlay_start = .

.iwram0         0x0000000003000034        0x0 load address 0x00000000080008e8
 *(.iwram0)
                0x0000000003000034                . = ALIGN (0x4)
                0x00000000080008e8                PROVIDE (__load_start_iwram0 = LOADADDR (.iwram0))
                0x00000000080008e8                PROVIDE (__load_stop_iwram0 = (LOADADDR (.iwram0) + SIZEOF (.iwram0)))

.iwram1         0x0000000003000034        0x0
 *(.iwram1)
                0x0000000003000034                . = ALIGN (0x4)
                [!provide]                        PROVIDE (__load_start_iwram1 = LOADADDR (.iwram1))
                [!provide]                        PROVIDE (__load_stop_iwram1 = (LOADADDR (.iwram1) + SIZEOF (.iwram1)))

.iwram2         0x0000000003000034        0x0
 *(.iwram2)
                0x0000000003000034                . = ALIGN (0x4)
                [!provide]                        PROVIDE (__load_start_iwram2 = LOADADDR (.iwram2))
                [!provide]                        PROVIDE (__load_stop_iwram2 = (LOADADDR (.iwram2) + SIZEOF (.iwram2)))

.iwram3         0x0000000003000034        0x0
 *(.iwram3)
                0x0000000003000034                . = ALIGN (0x4)
                [!provide]                        PROVIDE (__load_start_iwram3 = LOADADDR (.iwram3))
                [!provide]                        PROVIDE (__load_stop_iwram3 = (LOADADDR (.iwram3) + SIZEOF (.iwram3)))

.iwram4         0x0000000003000034        0x0
 *(.iwram4)
                0x0000000003000034                . = ALIGN (0x4)
                [!provide]                        PROVIDE (__load_start_iwram4 = LOADADDR (.iwram4))
                [!provide]                        PROVIDE (__load_stop_iwram4 = (LOADADDR (.iwram4) + SIZEOF (.iwram4)))

.iwram5         0x0000000003000034        0x0
 *(.iwram5)
                0x0000000003000034                . = ALIGN (0x4)
                [!provide]                        PROVIDE (__load_start_iwram5 = LOADADDR (.iwram5))
                [!provide]                        PROVIDE (__load_stop_iwram5 = (LOADADDR (.iwram5) + SIZEOF (.iwram5)))

.iwram6         0x0000000003000034        0x0
 *(.iwram6)
                0x0000000003000034                . = ALIGN (0x4)
                [!provide]                        PROVIDE (__load_start_iwram6 = LOADADDR (.iwram6))
                [!provide]                        PROVIDE (__load_stop_iwram6 = (LOADADDR (.iwram6) + SIZEOF (.iwram6)))

.iwram7         0x0000000003000034        0x0
 *(.iwram7)
                0x0000000003000034                . = ALIGN (0x4)
                [!provide]                        PROVIDE (__load_start_iwram7 = LOADADDR (.iwram7))
                [!provide]                        PROVIDE (__load_stop_iwram7 = (LOADADDR (.iwram7) + SIZEOF (.iwram7)))

.iwram8         0x0000000003000034        0x0
 *(.iwram8)
                0x0000000003000034                . = ALIGN (0x4)
                [!provide]                        PROVIDE (__load_start_iwram8 = LOADADDR (.iwram8))
                [!provide]                        PROVIDE (__load_stop_iwram8 = (LOADADDR (.iwram8) + SIZEOF (.iwram8)))

.iwram9         0x0000000003000034        0x0
 *(.iwram9)
                0x0000000003000034                . = ALIGN (0x4)
                [!provide]                        PROVIDE (__load_start_iwram9 = LOADADDR (.iwram9))
                [!provide]                        PROVIDE (__load_stop_iwram9 = (LOADADDR (.iwram9) + SIZEOF (.iwram9)))
                0x0000000003000034                __iwram_overlay_end = .
                0x00000000080008e8                __ewram_lma = (__iwram_overlay_lma + (__iwram_overlay_end - __iwram_overlay_start))
                0x0000000003000034                __iheap_start = .
                0x0000000002000000                __ewram_start = ORIGIN (ewram)

.ewram          0x0000000002000000        0x0 load address 0x00000000080008e8
 *(.ewram*)
                0x0000000002000000                . = ALIGN (0x4)
                0x0000000002000000                __ewram_end = ABSOLUTE (.)
                0x00000000080008e8                __pad_lma = (__ewram_lma + SIZEOF (.ewram))

.sbss           0x0000000002000000        0x0
                0x0000000002000000                __sbss_start__ = ABSOLUTE (.)
 *(.sbss*)
                0x0000000002000000                . = ALIGN (0x4)
                0x0000000002000000                __sbss_end__ = ABSOLUTE (.)
                0x0000000002000000                __end__ = ABSOLUTE (.)
                0x0000000002000000                __eheap_start = ABSOLUTE (.)

.pad            0x0000000002000000        0x8 load address 0x00000000080008e8
                0x0000000002000000        0x4 LONG 0x52416b64
                0x0000000002000004        0x4 LONG 0x4d
                0x0000000002000008                . = ALIGN (0x4)
                0x00000000080008f0                __rom_end__ = (__pad_lma + SIZEOF (.pad))

.stab
 *(.stab)

.stabstr
 *(.stabstr)

.stab.excl
 *(.stab.excl)

.stab.exclstr
 *(.stab.exclstr)

.stab.index
 *(.stab.index)

.stab.indexstr
 *(.stab.indexstr)

.comment        0x0000000000000000       0x23
 *(.comment)
 .comment       0x0000000000000000       0x23 /opt/devkitpro/devkitARM/bin/../lib/gcc/arm-none-eabi/10.2.0/thumb/crtbegin.o
                                         0x24 (size before relaxing)
 .comment       0x0000000000000023       0x24 GBA_main.o
 .comment       0x0000000000000023       0x24 main.o
 .comment       0x0000000000000023       0x24 obj_func.o
 .comment       0x0000000000000023       0x24 sprite_test_4bpp.o
 .comment       0x0000000000000023       0x24 /opt/devkitpro/devkitARM/bin/../lib/gcc/arm-none-eabi/10.2.0/../../../../arm-none-eabi/lib/thumb/libg.a(lib_a-init.o)
 .comment       0x0000000000000023       0x24 /opt/devkitpro/devkitARM/bin/../lib/gcc/arm-none-eabi/10.2.0/../../../../arm-none-eabi/lib/thumb/libg.a(lib_a-memcpy-stub.o)
 .comment       0x0000000000000023       0x24 /opt/devkitpro/devkitARM/bin/../lib/gcc/arm-none-eabi/10.2.0/../../../../arm-none-eabi/lib/thumb/libsysbase.a(malloc_vars.o)
 .comment       0x0000000000000023       0x24 /opt/devkitpro/devkitARM/bin/../lib/gcc/arm-none-eabi/10.2.0/thumb/crtend.o

.debug
 *(.debug)

.line
 *(.line)

.debug_srcinfo
 *(.debug_srcinfo)

.debug_sfnames
 *(.debug_sfnames)

.debug_aranges  0x0000000000000000       0x78
 *(.debug_aranges)
 .debug_aranges
                0x0000000000000000       0x18 GBA_main.o
 .debug_aranges
                0x0000000000000018       0x28 main.o
 .debug_aranges
                0x0000000000000040       0x20 obj_func.o
 .debug_aranges
                0x0000000000000060       0x18 sprite_test_4bpp.o

.debug_pubnames
 *(.debug_pubnames)

.debug_info     0x0000000000000000      0x71b
 *(.debug_info)
 .debug_info    0x0000000000000000      0x199 GBA_main.o
 .debug_info    0x0000000000000199      0x321 main.o
 .debug_info    0x00000000000004ba      0x1d9 obj_func.o
 .debug_info    0x0000000000000693       0x88 sprite_test_4bpp.o

.debug_abbrev   0x0000000000000000      0x3dc
 *(.debug_abbrev)
 .debug_abbrev  0x0000000000000000       0xac GBA_main.o
 .debug_abbrev  0x00000000000000ac      0x191 main.o
 .debug_abbrev  0x000000000000023d      0x149 obj_func.o
 .debug_abbrev  0x0000000000000386       0x56 sprite_test_4bpp.o

.debug_line     0x0000000000000000      0x515
 *(.debug_line)
 .debug_line    0x0000000000000000       0x98 GBA_main.o
 .debug_line    0x0000000000000098      0x2cd main.o
 .debug_line    0x0000000000000365      0x11d obj_func.o
 .debug_line    0x0000000000000482       0x93 sprite_test_4bpp.o

.debug_frame    0x0000000000000000       0x9c
 *(.debug_frame)
 .debug_frame   0x0000000000000000       0x54 main.o
 .debug_frame   0x0000000000000054       0x48 obj_func.o

.debug_str      0x0000000000000000      0x2ed
 *(.debug_str)
 .debug_str     0x0000000000000000      0x145 GBA_main.o
                                        0x152 (size before relaxing)
 .debug_str     0x0000000000000145      0x135 main.o
                                        0x262 (size before relaxing)
 .debug_str     0x000000000000027a       0x3b obj_func.o
                                        0x113 (size before relaxing)
 .debug_str     0x00000000000002b5       0x38 sprite_test_4bpp.o
                                         0xf0 (size before relaxing)

.debug_loc      0x0000000000000000      0x420
 *(.debug_loc)
 .debug_loc     0x0000000000000000      0x1c3 main.o
 .debug_loc     0x00000000000001c3      0x25d obj_func.o

.debug_macinfo
 *(.debug_macinfo)

.debug_weaknames
 *(.debug_weaknames)

.debug_funcnames
 *(.debug_funcnames)

.debug_typenames
 *(.debug_typenames)

.debug_varnames
 *(.debug_varnames)

.stack          0x0000000000080000        0x0
                0x0000000000080000                _stack = .
 *(.stack)

.note.gnu.arm.ident
 *(.note.gnu.arm.ident)

.ARM.attributes
                0x0000000000000000       0x2c
 *(.ARM.attributes)
 .ARM.attributes
                0x0000000000000000       0x20 /opt/devkitpro/devkitARM/bin/../lib/gcc/arm-none-eabi/10.2.0/../../../../arm-none-eabi/lib/thumb/gba_crt0.o
 .ARM.attributes
                0x0000000000000020       0x1c /opt/devkitpro/devkitARM/bin/../lib/gcc/arm-none-eabi/10.2.0/thumb/crti.o
 .ARM.attributes
                0x000000000000003c       0x2a /opt/devkitpro/devkitARM/bin/../lib/gcc/arm-none-eabi/10.2.0/thumb/crtbegin.o
 .ARM.attributes
                0x0000000000000066       0x2a bmp16_func.o
 .ARM.attributes
                0x0000000000000090       0x30 GBA_main.o
 .ARM.attributes
                0x00000000000000c0       0x2a m4_func.o
 .ARM.attributes
                0x00000000000000ea       0x2a main.o
 .ARM.attributes
                0x0000000000000114       0x2a obj_func.o
 .ARM.attributes
                0x000000000000013e       0x30 sprite_test_4bpp.o
 .ARM.attributes
                0x000000000000016e       0x1c /opt/devkitpro/devkitARM/bin/../lib/gcc/arm-none-eabi/10.2.0/thumb/libgcc.a(_udivsi3.o)
 .ARM.attributes
                0x000000000000018a       0x1c /opt/devkitpro/devkitARM/bin/../lib/gcc/arm-none-eabi/10.2.0/thumb/libgcc.a(_dvmd_tls.o)
 .ARM.attributes
                0x00000000000001a6       0x2a /opt/devkitpro/devkitARM/bin/../lib/gcc/arm-none-eabi/10.2.0/../../../../arm-none-eabi/lib/thumb/libg.a(lib_a-init.o)
 .ARM.attributes
                0x00000000000001d0       0x2a /opt/devkitpro/devkitARM/bin/../lib/gcc/arm-none-eabi/10.2.0/../../../../arm-none-eabi/lib/thumb/libg.a(lib_a-memcpy-stub.o)
 .ARM.attributes
                0x00000000000001fa       0x30 /opt/devkitpro/devkitARM/bin/../lib/gcc/arm-none-eabi/10.2.0/../../../../arm-none-eabi/lib/thumb/libsysbase.a(malloc_vars.o)
 .ARM.attributes
                0x000000000000022a       0x30 /opt/devkitpro/devkitARM/bin/../lib/gcc/arm-none-eabi/10.2.0/thumb/crtend.o
 .ARM.attributes
                0x000000000000025a       0x1c /opt/devkitpro/devkitARM/bin/../lib/gcc/arm-none-eabi/10.2.0/thumb/crtn.o

/DISCARD/
 *(.note.GNU-stack)
LOAD /opt/devkitpro/devkitARM/bin/../lib/gcc/arm-none-eabi/10.2.0/../../../../arm-none-eabi/lib/thumb/gba_crt0.o
LOAD /opt/devkitpro/devkitARM/bin/../lib/gcc/arm-none-eabi/10.2.0/thumb/crti.o
LOAD /opt/devkitpro/devkitARM/bin/../lib/gcc/arm-none-eabi/10.2.0/thumb/crtbegin.o
LOAD bmp16_func.o
LOAD GBA_main.o
LOAD m4_func.o
LOAD main.o
LOAD obj_func.o
LOAD sprite_test_4bpp.o
LOAD /opt/devkitpro/libgba/lib/libmm.a
LOAD /opt/devkitpro/libgba/lib/libgba.a
START GROUP
LOAD /opt/devkitpro/devkitARM/bin/../lib/gcc/arm-none-eabi/10.2.0/thumb/libgcc.a
LOAD /opt/devkitpro/devkitARM/bin/../lib/gcc/arm-none-eabi/10.2.0/../../../../arm-none-eabi/lib/thumb/libg.a
LOAD /opt/devkitpro/devkitARM/bin/../lib/gcc/arm-none-eabi/10.2.0/../../../../arm-none-eabi/lib/thumb/libc.a
LOAD /opt/devkitpro/devkitARM/bin/../lib/gcc/arm-none-eabi/10.2.0/../../../../arm-none-eabi/lib/thumb/libsysbase.a
END GROUP
LOAD /opt/devkitpro/devkitARM/bin/../lib/gcc/arm-none-eabi/10.2.0/thumb/crtend.o
LOAD /opt/devkitpro/devkitARM/bin/../lib/gcc/arm-none-eabi/10.2.0/thumb/crtn.o
OUTPUT(/home/rogora/progettiGBA/progettiGBA.elf elf32-littlearm)
LOAD linker stubs

.debug_ranges   0x0000000000000000       0x18
 .debug_ranges  0x0000000000000000       0x18 main.o
